/*
Copyright 2017 The Kubernetes Authors.

Licensed under the Apache License, Version 2.0 (the "License");
you may not use this file except in compliance with the License.
*/

// +k8s:conversion-gen-external-types=k8s.io/api/rbac/v1
// +k8s:defaulter-gen-input=monis.app/kk/rbac_authorizer/internal/kk/pkg/apis/rbac/v1
// +groupName=rbac.authorization.k8s.io

// This file was modified by soapbox and is not the upstream original.
// Upstream repository: https://github.com/kubernetes/kubernetes.git
// Upstream path: pkg/apis/rbac/v1/doc.go
// Upstream commit: 0123456789abcdef0123456789abcdef01234567
// Imports under k8s.io/kubernetes were rewritten to monis.app/kk/rbac_authorizer/internal/kk.

// Package v1 holds the retained RBAC evaluation helpers.
package v1
